Contenu de test